[INFO] Scanning for projects...
[INFO] 
[INFO] --------------------< com.zoushiyou:zsy-springboot >--------------------
[INFO] Building zsy-springboot 1.0.0
[INFO] --------------------------------[ jar ]---------------------------------
[WARNING] The artifact mysql:mysql-connector-java:jar:8.0.33 has been relocated to com.mysql:mysql-connector-j:jar:8.0.33
[INFO] 
[INFO] --- maven-resources-plugin:3.2.0:resources (default-resources) @ zsy-springboot ---
[INFO] Using 'UTF-8' encoding to copy filtered resources.
[INFO] Using 'UTF-8' encoding to copy filtered properties files.
[INFO] Copying 1 resource
[INFO] Copying 0 resource
[INFO] 
[INFO] --- maven-compiler-plugin:3.10.1:compile (default-compile) @ zsy-springboot ---
[INFO] Nothing to compile - all classes are up to date
[INFO] ------------------------------------------------------------------------
[INFO] BUILD SUCCESS
[INFO] ------------------------------------------------------------------------
[INFO] Total time:  2.283 s
[INFO] Finished at: 2026-04-20T08:41:08+08:00
[INFO] ------------------------------------------------------------------------
