[INFO] Scanning for projects...
[INFO] 
[INFO] --------------------< com.zoushiyou:zsy-springboot >--------------------
[INFO] Building zsy-springboot 1.0.0
[INFO] --------------------------------[ jar ]---------------------------------
[INFO] 
[INFO] >>> spring-boot-maven-plugin:2.7.18:run (default-cli) > test-compile @ zsy-springboot >>>
[WARNING] The artifact mysql:mysql-connector-java:jar:8.0.33 has been relocated to com.mysql:mysql-connector-j:jar:8.0.33
[INFO] 
[INFO] --- maven-resources-plugin:3.2.0:resources (default-resources) @ zsy-springboot ---
[INFO] Using 'UTF-8' encoding to copy filtered resources.
[INFO] Using 'UTF-8' encoding to copy filtered properties files.
[INFO] Copying 1 resource
[INFO] Copying 1 resource
[INFO] 
[INFO] --- maven-compiler-plugin:3.10.1:compile (default-compile) @ zsy-springboot ---
[INFO] Nothing to compile - all classes are up to date
[INFO] 
[INFO] --- maven-resources-plugin:3.2.0:testResources (default-testResources) @ zsy-springboot ---
[INFO] Using 'UTF-8' encoding to copy filtered resources.
[INFO] Using 'UTF-8' encoding to copy filtered properties files.
[INFO] skip non existing resourceDirectory D:\Aijava\javaproject\260410\dogfooding-3-458\glm\zsy-springboot\src\test\resources
[INFO] 
[INFO] --- maven-compiler-plugin:3.10.1:testCompile (default-testCompile) @ zsy-springboot ---
[INFO] No sources to compile
[INFO] 
[INFO] <<< spring-boot-maven-plugin:2.7.18:run (default-cli) < test-compile @ zsy-springboot <<<
[INFO] 
[INFO] 
[INFO] --- spring-boot-maven-plugin:2.7.18:run (default-cli) @ zsy-springboot ---
[INFO] Attaching agents: []

  .   ____          _            __ _ _
 /\\ / ___'_ __ _ _(_)_ __  __ _ \ \ \ \
( ( )\___ | '_ | '_| | '_ \/ _` | \ \ \ \
 \\/  ___)| |_)| | | | | || (_| |  ) ) ) )
  '  |____| .__|_| |_|_| |_\__, | / / / /
 =========|_|==============|___/=/_/_/_/
 :: Spring Boot ::               (v2.7.18)

2026-04-20 08:53:31 [main] INFO  com.zoushiyou.ZsyApplication - Starting ZsyApplication using Java 1.8.0_121 on MSI with PID 24212 (D:\Aijava\javaproject\260410\dogfooding-3-458\glm\zsy-springboot\target\classes started by 20807 in D:\Aijava\javaproject\260410\dogfooding-3-458\glm\zsy-springboot)
2026-04-20 08:53:31 [main] DEBUG com.zoushiyou.ZsyApplication - Running with Spring Boot v2.7.18, Spring v5.3.31
2026-04-20 08:53:31 [main] INFO  com.zoushiyou.ZsyApplication - No active profile set, falling back to 1 default profile: "default"
2026-04-20 08:53:33 [main] INFO  o.s.b.w.e.tomcat.TomcatWebServer - Tomcat initialized with port(s): 8081 (http)
2026-04-20 08:53:33 [main] INFO  o.a.catalina.core.StandardService - Starting service [Tomcat]
2026-04-20 08:53:33 [main] INFO  o.a.catalina.core.StandardEngine - Starting Servlet engine: [Apache Tomcat/9.0.83]
2026-04-20 08:53:33 [main] INFO  o.a.c.c.C.[Tomcat].[localhost].[/] - Initializing Spring embedded WebApplicationContext
2026-04-20 08:53:33 [main] INFO  o.s.b.w.s.c.ServletWebServerApplicationContext - Root WebApplicationContext: initialization completed in 1845 ms
2026-04-20 08:53:33 [main] INFO  c.a.d.s.b.a.DruidDataSourceAutoConfigure - Init DruidDataSource
2026-04-20 08:53:33 [main] INFO  c.alibaba.druid.pool.DruidDataSource - {dataSource-1} inited
2026-04-20 08:53:33 [main] INFO  o.s.b.a.h.H2ConsoleAutoConfiguration - H2 console available at '/h2-console'. Database available at 'jdbc:h2:mem:db_test'
Logging initialized using 'class org.apache.ibatis.logging.stdout.StdOutImpl' adapter.
Registered plugin: 'com.baomidou.mybatisplus.extension.plugins.MybatisPlusInterceptor@7c52fc81'
Property 'mapperLocations' was not specified.
 _ _   |_  _ _|_. ___ _ |    _ 
| | |\/|_)(_| | |_\  |_)||_|_\ 
     /               |         
                        3.5.3.1 


,------.                           ,--.  ,--.         ,--.                         
|  .--. '  ,--,--.  ,---.   ,---.  |  '--'  |  ,---.  |  |  ,---.   ,---.  ,--.--. 
|  '--' | ' ,-.  | | .-. | | .-. : |  .--.  | | .-. : |  | | .-. | | .-. : |  .--' 
|  | --'  \ '-'  | ' '-' ' \   --. |  |  |  | \   --. |  | | '-' ' \   --. |  |    
`--'       `--`--' .`-  /   `----' `--'  `--'  `----' `--' |  |-'   `----' `--'    
                   `---'                                   `--'                        is intercepting.

2026-04-20 08:53:35 [main] ERROR druid.sql.Statement - {conn-10002, stmt-20002} execute error. CREATE TABLE IF NOT EXISTS tb_userinfo ( id BIGINT PRIMARY KEY NOT NULL, parentId BIGINT DEFAULT NULL, version INT DEFAULT 1, code VARCHAR(50) UNIQUE DEFAULT NULL, name VARCHAR(50) DEFAULT NULL, remarks VARCHAR(150) DEFAULT NULL, sortNum INT DEFAULT 1, is_Enable INT DEFAULT 1, is_Delete INT DEFAULT 0, ownerId BIGINT DEFAULT NULL, createId BIGINT NOT NULL, updateId BIGINT DEFAULT NULL, createTime TIMESTAMP NOT NULL, updateTime TIMESTAMP DEFAULT NULL, passWord VARCHAR(150) DEFAULT NULL, salt VARCHAR(36) DEFAULT NULL, is_Male INT DEFAULT NULL, phoneNum VARCHAR(15) DEFAULT NULL, roleId BIGINT DEFAULT NULL, deptId BIGINT DEFAULT NULL )
org.h2.jdbc.JdbcSQLSyntaxErrorException: Syntax error in SQL statement "CREATE TABLE IF NOT EXISTS TB_USERINFO ( ID BIGINT PRIMARY KEY NOT NULL, PARENTID BIGINT DEFAULT NULL, VERSION INT DEFAULT 1, CODE VARCHAR(50) UNIQUE DEFAULT[*] NULL, NAME VARCHAR(50) DEFAULT NULL, REMARKS VARCHAR(150) DEFAULT NULL, SORTNUM INT DEFAULT 1, IS_ENABLE INT DEFAULT 1, IS_DELETE INT DEFAULT 0, OWNERID BIGINT DEFAULT NULL, CREATEID BIGINT NOT NULL, UPDATEID BIGINT DEFAULT NULL, CREATETIME TIMESTAMP NOT NULL, UPDATETIME TIMESTAMP DEFAULT NULL, PASSWORD VARCHAR(150) DEFAULT NULL, SALT VARCHAR(36) DEFAULT NULL, IS_MALE INT DEFAULT NULL, PHONENUM VARCHAR(15) DEFAULT NULL, ROLEID BIGINT DEFAULT NULL, DEPTID BIGINT DEFAULT NULL )"; expected "NOT, NULL, COMMENT, CHECK, REFERENCES, ,, )"; SQL statement:
CREATE TABLE IF NOT EXISTS tb_userinfo ( id BIGINT PRIMARY KEY NOT NULL, parentId BIGINT DEFAULT NULL, version INT DEFAULT 1, code VARCHAR(50) UNIQUE DEFAULT NULL, name VARCHAR(50) DEFAULT NULL, remarks VARCHAR(150) DEFAULT NULL, sortNum INT DEFAULT 1, is_Enable INT DEFAULT 1, is_Delete INT DEFAULT 0, ownerId BIGINT DEFAULT NULL, createId BIGINT NOT NULL, updateId BIGINT DEFAULT NULL, createTime TIMESTAMP NOT NULL, updateTime TIMESTAMP DEFAULT NULL, passWord VARCHAR(150) DEFAULT NULL, salt VARCHAR(36) DEFAULT NULL, is_Male INT DEFAULT NULL, phoneNum VARCHAR(15) DEFAULT NULL, roleId BIGINT DEFAULT NULL, deptId BIGINT DEFAULT NULL ) [42001-200]
	at org.h2.message.DbException.getJdbcSQLException(DbException.java:453)
	at org.h2.message.DbException.getJdbcSQLException(DbException.java:429)
	at org.h2.message.DbException.getSyntaxError(DbException.java:243)
	at org.h2.command.Parser.getSyntaxError(Parser.java:1053)
	at org.h2.command.Parser.read(Parser.java:4995)
	at org.h2.command.Parser.readIfMore(Parser.java:1462)
	at org.h2.command.Parser.parseCreateTable(Parser.java:8380)
	at org.h2.command.Parser.parseCreate(Parser.java:6276)
	at org.h2.command.Parser.parsePrepared(Parser.java:903)
	at org.h2.command.Parser.parse(Parser.java:843)
	at org.h2.command.Parser.parse(Parser.java:819)
	at org.h2.command.Parser.prepareCommand(Parser.java:738)
	at org.h2.engine.Session.prepareLocal(Session.java:657)
	at org.h2.engine.Session.prepareCommand(Session.java:595)
	at org.h2.jdbc.JdbcConnection.prepareCommand(JdbcConnection.java:1235)
	at org.h2.jdbc.JdbcStatement.executeInternal(JdbcStatement.java:212)
	at org.h2.jdbc.JdbcStatement.execute(JdbcStatement.java:201)
	at com.alibaba.druid.filter.FilterChainImpl.statement_execute(FilterChainImpl.java:2993)
	at com.alibaba.druid.filter.FilterAdapter.statement_execute(FilterAdapter.java:2483)
	at com.alibaba.druid.filter.FilterEventAdapter.statement_execute(FilterEventAdapter.java:182)
	at com.alibaba.druid.filter.FilterChainImpl.statement_execute(FilterChainImpl.java:2991)
	at com.alibaba.druid.wall.WallFilter.statement_execute(WallFilter.java:433)
	at com.alibaba.druid.filter.FilterChainImpl.statement_execute(FilterChainImpl.java:2991)
	at com.alibaba.druid.filter.FilterAdapter.statement_execute(FilterAdapter.java:2483)
	at com.alibaba.druid.filter.FilterEventAdapter.statement_execute(FilterEventAdapter.java:182)
	at com.alibaba.druid.filter.FilterChainImpl.statement_execute(FilterChainImpl.java:2991)
	at com.alibaba.druid.proxy.jdbc.StatementProxyImpl.execute(StatementProxyImpl.java:141)
	at com.alibaba.druid.pool.DruidPooledStatement.execute(DruidPooledStatement.java:635)
	at org.springframework.jdbc.datasource.init.ScriptUtils.executeSqlScript(ScriptUtils.java:261)
	at org.springframework.jdbc.datasource.init.ResourceDatabasePopulator.populate(ResourceDatabasePopulator.java:254)
	at org.springframework.jdbc.datasource.init.DatabasePopulatorUtils.execute(DatabasePopulatorUtils.java:54)
	at org.springframework.boot.jdbc.init.DataSourceScriptDatabaseInitializer.runScripts(DataSourceScriptDatabaseInitializer.java:90)
	at org.springframework.boot.sql.init.AbstractScriptDatabaseInitializer.runScripts(AbstractScriptDatabaseInitializer.java:145)
	at org.springframework.boot.sql.init.AbstractScriptDatabaseInitializer.applyScripts(AbstractScriptDatabaseInitializer.java:107)
	at org.springframework.boot.sql.init.AbstractScriptDatabaseInitializer.applySchemaScripts(AbstractScriptDatabaseInitializer.java:97)
	at org.springframework.boot.sql.init.AbstractScriptDatabaseInitializer.initializeDatabase(AbstractScriptDatabaseInitializer.java:75)
	at org.springframework.boot.sql.init.AbstractScriptDatabaseInitializer.afterPropertiesSet(AbstractScriptDatabaseInitializer.java:65)
	at org.springframework.beans.factory.support.AbstractAutowireCapableBeanFactory.invokeInitMethods(AbstractAutowireCapableBeanFactory.java:1863)
	at org.springframework.beans.factory.support.AbstractAutowireCapableBeanFactory.initializeBean(AbstractAutowireCapableBeanFactory.java:1800)
	at org.springframework.beans.factory.support.AbstractAutowireCapableBeanFactory.doCreateBean(AbstractAutowireCapableBeanFactory.java:620)
	at org.springframework.beans.factory.support.AbstractAutowireCapableBeanFactory.createBean(AbstractAutowireCapableBeanFactory.java:542)
	at org.springframework.beans.factory.support.AbstractBeanFactory.lambda$doGetBean$0(AbstractBeanFactory.java:335)
	at org.springframework.beans.factory.support.DefaultSingletonBeanRegistry.getSingleton(DefaultSingletonBeanRegistry.java:234)
	at org.springframework.beans.factory.support.AbstractBeanFactory.doGetBean(AbstractBeanFactory.java:333)
	at org.springframework.beans.factory.support.AbstractBeanFactory.getBean(AbstractBeanFactory.java:208)
	at org.springframework.beans.factory.support.AbstractBeanFactory.doGetBean(AbstractBeanFactory.java:322)
	at org.springframework.beans.factory.support.AbstractBeanFactory.getBean(AbstractBeanFactory.java:208)
	at org.springframework.beans.factory.support.DefaultListableBeanFactory.preInstantiateSingletons(DefaultListableBeanFactory.java:955)
	at org.springframework.context.support.AbstractApplicationContext.finishBeanFactoryInitialization(AbstractApplicationContext.java:929)
	at org.springframework.context.support.AbstractApplicationContext.refresh(AbstractApplicationContext.java:591)
	at org.springframework.boot.web.servlet.context.ServletWebServerApplicationContext.refresh(ServletWebServerApplicationContext.java:147)
	at org.springframework.boot.SpringApplication.refresh(SpringApplication.java:732)
	at org.springframework.boot.SpringApplication.refreshContext(SpringApplication.java:409)
	at org.springframework.boot.SpringApplication.run(SpringApplication.java:308)
	at org.springframework.boot.SpringApplication.run(SpringApplication.java:1300)
	at org.springframework.boot.SpringApplication.run(SpringApplication.java:1289)
	at com.zoushiyou.ZsyApplication.main(ZsyApplication.java:13)
2026-04-20 08:53:35 [main] INFO  org.quartz.impl.StdSchedulerFactory - Using default implementation for ThreadExecutor
2026-04-20 08:53:35 [main] INFO  o.quartz.core.SchedulerSignalerImpl - Initialized Scheduler Signaller of type: class org.quartz.core.SchedulerSignalerImpl
2026-04-20 08:53:35 [main] INFO  org.quartz.core.QuartzScheduler - Quartz Scheduler v.2.3.2 created.
2026-04-20 08:53:35 [main] INFO  org.quartz.simpl.RAMJobStore - RAMJobStore initialized.
2026-04-20 08:53:35 [main] INFO  org.quartz.core.QuartzScheduler - Scheduler meta-data: Quartz Scheduler (v2.3.2) 'quartzScheduler' with instanceId 'NON_CLUSTERED'
  Scheduler class: 'org.quartz.core.QuartzScheduler' - running locally.
  NOT STARTED.
  Currently in standby mode.
  Number of jobs executed: 0
  Using thread pool 'org.quartz.simpl.SimpleThreadPool' - with 10 threads.
  Using job-store 'org.quartz.simpl.RAMJobStore' - which does not support persistence. and is not clustered.

2026-04-20 08:53:35 [main] INFO  org.quartz.impl.StdSchedulerFactory - Quartz scheduler 'quartzScheduler' initialized from an externally provided properties instance.
2026-04-20 08:53:35 [main] INFO  org.quartz.impl.StdSchedulerFactory - Quartz scheduler version: 2.3.2
2026-04-20 08:53:35 [main] INFO  org.quartz.core.QuartzScheduler - JobFactory set to: org.springframework.scheduling.quartz.SpringBeanJobFactory@525647f3
2026-04-20 08:53:35 [main] WARN  o.s.b.w.s.c.AnnotationConfigServletWebServerApplicationContext - Exception encountered during context initialization - cancelling refresh attempt: org.springframework.context.ApplicationContextException: Failed to start bean 'webServerStartStop'; nested exception is org.springframework.boot.web.server.PortInUseException: Port 8081 is already in use
2026-04-20 08:53:35 [main] INFO  o.s.s.quartz.SchedulerFactoryBean - Shutting down Quartz Scheduler
2026-04-20 08:53:35 [main] INFO  org.quartz.core.QuartzScheduler - Scheduler quartzScheduler_$_NON_CLUSTERED shutting down.
2026-04-20 08:53:35 [main] INFO  org.quartz.core.QuartzScheduler - Scheduler quartzScheduler_$_NON_CLUSTERED paused.
2026-04-20 08:53:35 [main] INFO  org.quartz.core.QuartzScheduler - Scheduler quartzScheduler_$_NON_CLUSTERED shutdown complete.
2026-04-20 08:53:35 [main] INFO  c.alibaba.druid.pool.DruidDataSource - {dataSource-1} closing ...
2026-04-20 08:53:35 [main] INFO  c.alibaba.druid.pool.DruidDataSource - {dataSource-1} closed
2026-04-20 08:53:35 [main] INFO  o.a.catalina.core.StandardService - Stopping service [Tomcat]
2026-04-20 08:53:35 [main] INFO  o.s.b.a.l.ConditionEvaluationReportLoggingListener - 

Error starting ApplicationContext. To display the conditions report re-run your application with 'debug' enabled.
2026-04-20 08:53:35 [main] ERROR o.s.b.d.LoggingFailureAnalysisReporter - 

***************************
APPLICATION FAILED TO START
***************************

Description:

Web server failed to start. Port 8081 was already in use.

Action:

Identify and stop the process that's listening on port 8081 or configure this application to listen on another port.

[INFO] ------------------------------------------------------------------------
[INFO] BUILD FAILURE
[INFO] ------------------------------------------------------------------------
[INFO] Total time:  8.520 s
[INFO] Finished at: 2026-04-20T08:53:36+08:00
[INFO] ------------------------------------------------------------------------
[ERROR] Failed to execute goal org.springframework.boot:spring-boot-maven-plugin:2.7.18:run (default-cli) on project zsy-springboot: Application finished with exit code: 1 -> [Help 1]
[ERROR] 
[ERROR] To see the full stack trace of the errors, re-run Maven with the -e switch.
[ERROR] Re-run Maven using the -X switch to enable full debug logging.
[ERROR] 
[ERROR] For more information about the errors and possible solutions, please read the following articles:
[ERROR] [Help 1] http://cwiki.apache.org/confluence/display/MAVEN/MojoExecutionException
