[INFO] Scanning for projects...
[INFO] 
[INFO] --------------------< com.zoushiyou:zsy-springboot >--------------------
[INFO] Building zsy-springboot 1.0.0
[INFO] --------------------------------[ jar ]---------------------------------
[INFO] 
[INFO] >>> spring-boot-maven-plugin:2.7.18:run (default-cli) > test-compile @ zsy-springboot >>>
[WARNING] The artifact mysql:mysql-connector-java:jar:8.0.33 has been relocated to com.mysql:mysql-connector-j:jar:8.0.33
[INFO] 
[INFO] --- maven-resources-plugin:3.2.0:resources (default-resources) @ zsy-springboot ---
[INFO] Using 'UTF-8' encoding to copy filtered resources.
[INFO] Using 'UTF-8' encoding to copy filtered properties files.
[INFO] Copying 1 resource
[INFO] Copying 1 resource
[INFO] 
[INFO] --- maven-compiler-plugin:3.10.1:compile (default-compile) @ zsy-springboot ---
[INFO] Nothing to compile - all classes are up to date
[INFO] 
[INFO] --- maven-resources-plugin:3.2.0:testResources (default-testResources) @ zsy-springboot ---
[INFO] Using 'UTF-8' encoding to copy filtered resources.
[INFO] Using 'UTF-8' encoding to copy filtered properties files.
[INFO] skip non existing resourceDirectory D:\Aijava\javaproject\260410\dogfooding-3-458\glm\zsy-springboot\src\test\resources
[INFO] 
[INFO] --- maven-compiler-plugin:3.10.1:testCompile (default-testCompile) @ zsy-springboot ---
[INFO] No sources to compile
[INFO] 
[INFO] <<< spring-boot-maven-plugin:2.7.18:run (default-cli) < test-compile @ zsy-springboot <<<
[INFO] 
[INFO] 
[INFO] --- spring-boot-maven-plugin:2.7.18:run (default-cli) @ zsy-springboot ---
[INFO] Attaching agents: []

  .   ____          _            __ _ _
 /\\ / ___'_ __ _ _(_)_ __  __ _ \ \ \ \
( ( )\___ | '_ | '_| | '_ \/ _` | \ \ \ \
 \\/  ___)| |_)| | | | | || (_| |  ) ) ) )
  '  |____| .__|_| |_|_| |_\__, | / / / /
 =========|_|==============|___/=/_/_/_/
 :: Spring Boot ::               (v2.7.18)

2026-04-20 08:54:58 [main] INFO  com.zoushiyou.ZsyApplication - Starting ZsyApplication using Java 1.8.0_121 on MSI with PID 2996 (D:\Aijava\javaproject\260410\dogfooding-3-458\glm\zsy-springboot\target\classes started by 20807 in D:\Aijava\javaproject\260410\dogfooding-3-458\glm\zsy-springboot)
2026-04-20 08:54:58 [main] DEBUG com.zoushiyou.ZsyApplication - Running with Spring Boot v2.7.18, Spring v5.3.31
2026-04-20 08:54:58 [main] INFO  com.zoushiyou.ZsyApplication - No active profile set, falling back to 1 default profile: "default"
2026-04-20 08:54:59 [main] INFO  o.s.b.w.e.tomcat.TomcatWebServer - Tomcat initialized with port(s): 8082 (http)
2026-04-20 08:54:59 [main] INFO  o.a.catalina.core.StandardService - Starting service [Tomcat]
2026-04-20 08:54:59 [main] INFO  o.a.catalina.core.StandardEngine - Starting Servlet engine: [Apache Tomcat/9.0.83]
2026-04-20 08:55:00 [main] INFO  o.a.c.c.C.[Tomcat].[localhost].[/] - Initializing Spring embedded WebApplicationContext
2026-04-20 08:55:00 [main] INFO  o.s.b.w.s.c.ServletWebServerApplicationContext - Root WebApplicationContext: initialization completed in 1950 ms
2026-04-20 08:55:00 [main] INFO  c.a.d.s.b.a.DruidDataSourceAutoConfigure - Init DruidDataSource
2026-04-20 08:55:00 [main] INFO  c.alibaba.druid.pool.DruidDataSource - {dataSource-1} inited
2026-04-20 08:55:00 [main] INFO  o.s.b.a.h.H2ConsoleAutoConfiguration - H2 console available at '/h2-console'. Database available at 'jdbc:h2:mem:db_test'
Logging initialized using 'class org.apache.ibatis.logging.stdout.StdOutImpl' adapter.
Registered plugin: 'com.baomidou.mybatisplus.extension.plugins.MybatisPlusInterceptor@7c52fc81'
Property 'mapperLocations' was not specified.
 _ _   |_  _ _|_. ___ _ |    _ 
| | |\/|_)(_| | |_\  |_)||_|_\ 
     /               |         
                        3.5.3.1 


,------.                           ,--.  ,--.         ,--.                         
|  .--. '  ,--,--.  ,---.   ,---.  |  '--'  |  ,---.  |  |  ,---.   ,---.  ,--.--. 
|  '--' | ' ,-.  | | .-. | | .-. : |  .--.  | | .-. : |  | | .-. | | .-. : |  .--' 
|  | --'  \ '-'  | ' '-' ' \   --. |  |  |  | \   --. |  | | '-' ' \   --. |  |    
`--'       `--`--' .`-  /   `----' `--'  `--'  `----' `--' |  |-'   `----' `--'    
                   `---'                                   `--'                        is intercepting.

2026-04-20 08:55:02 [main] INFO  org.quartz.impl.StdSchedulerFactory - Using default implementation for ThreadExecutor
2026-04-20 08:55:02 [main] INFO  o.quartz.core.SchedulerSignalerImpl - Initialized Scheduler Signaller of type: class org.quartz.core.SchedulerSignalerImpl
2026-04-20 08:55:02 [main] INFO  org.quartz.core.QuartzScheduler - Quartz Scheduler v.2.3.2 created.
2026-04-20 08:55:02 [main] INFO  org.quartz.simpl.RAMJobStore - RAMJobStore initialized.
2026-04-20 08:55:02 [main] INFO  org.quartz.core.QuartzScheduler - Scheduler meta-data: Quartz Scheduler (v2.3.2) 'quartzScheduler' with instanceId 'NON_CLUSTERED'
  Scheduler class: 'org.quartz.core.QuartzScheduler' - running locally.
  NOT STARTED.
  Currently in standby mode.
  Number of jobs executed: 0
  Using thread pool 'org.quartz.simpl.SimpleThreadPool' - with 10 threads.
  Using job-store 'org.quartz.simpl.RAMJobStore' - which does not support persistence. and is not clustered.

2026-04-20 08:55:02 [main] INFO  org.quartz.impl.StdSchedulerFactory - Quartz scheduler 'quartzScheduler' initialized from an externally provided properties instance.
2026-04-20 08:55:02 [main] INFO  org.quartz.impl.StdSchedulerFactory - Quartz scheduler version: 2.3.2
2026-04-20 08:55:02 [main] INFO  org.quartz.core.QuartzScheduler - JobFactory set to: org.springframework.scheduling.quartz.SpringBeanJobFactory@491f8831
2026-04-20 08:55:02 [main] INFO  o.s.b.w.e.tomcat.TomcatWebServer - Tomcat started on port(s): 8082 (http) with context path ''
2026-04-20 08:55:02 [main] INFO  o.s.s.quartz.SchedulerFactoryBean - Starting Quartz Scheduler now
2026-04-20 08:55:02 [main] INFO  org.quartz.core.QuartzScheduler - Scheduler quartzScheduler_$_NON_CLUSTERED started.
2026-04-20 08:55:02 [main] INFO  com.zoushiyou.ZsyApplication - Started ZsyApplication in 4.904 seconds (JVM running for 5.365)
2026-04-20 08:55:02 [main] INFO  c.z.config.DatabaseInitializer - 开始初始化数据库...
Creating a new SqlSession
SqlSession [org.apache.ibatis.session.defaults.DefaultSqlSession@256bb5be] was not registered for synchronization because synchronization is not active
JDBC Connection [com.alibaba.druid.proxy.jdbc.ConnectionProxyImpl@5a7b309b] will not be managed by Spring
==>  Preparing: SELECT COUNT( * ) AS total FROM tb_roleinfo WHERE is_delete=0
==> Parameters: 
<==    Columns: TOTAL
<==        Row: 0
<==      Total: 1
Closing non transactional SqlSession [org.apache.ibatis.session.defaults.DefaultSqlSession@256bb5be]
Creating a new SqlSession
SqlSession [org.apache.ibatis.session.defaults.DefaultSqlSession@5e3db14] was not registered for synchronization because synchronization is not active
JDBC Connection [com.alibaba.druid.proxy.jdbc.ConnectionProxyImpl@5a7b309b] will not be managed by Spring
==>  Preparing: INSERT INTO tb_roleinfo ( id, parent_id, code, name, sort_num, is_enable, owner_id, create_id, create_time ) VALUES ( ?, ?, ?, ?, ?, ?, ?, ?, ? )
Closing non transactional SqlSession [org.apache.ibatis.session.defaults.DefaultSqlSession@5e3db14]
2026-04-20 08:55:02 [main] DEBUG c.z.config.DatabaseInitializer - 角色表初始化跳过: 
### Error updating database.  Cause: org.h2.jdbc.JdbcSQLSyntaxErrorException: Column "PARENT_ID" not found; SQL statement:
INSERT INTO tb_roleinfo  ( id,
parent_id,

code,
name,

sort_num,
is_enable,

owner_id,
create_id,

create_time )  VALUES  ( ?,
?,

?,
?,

?,
?,

?,
?,

? ) [42122-200]
### The error may exist in com/zoushiyou/mapper/RoleInfoMapper.java (best guess)
### The error may involve com.zoushiyou.mapper.RoleInfoMapper.insert
### The error occurred while executing an update
### SQL: INSERT INTO tb_roleinfo  ( id, parent_id,  code, name,  sort_num, is_enable,  owner_id, create_id,  create_time )  VALUES  ( ?, ?,  ?, ?,  ?, ?,  ?, ?,  ? )
### Cause: org.h2.jdbc.JdbcSQLSyntaxErrorException: Column "PARENT_ID" not found; SQL statement:
INSERT INTO tb_roleinfo  ( id,
parent_id,

code,
name,

sort_num,
is_enable,

owner_id,
create_id,

create_time )  VALUES  ( ?,
?,

?,
?,

?,
?,

?,
?,

? ) [42122-200]
; bad SQL grammar []; nested exception is org.h2.jdbc.JdbcSQLSyntaxErrorException: Column "PARENT_ID" not found; SQL statement:
INSERT INTO tb_roleinfo  ( id,
parent_id,

code,
name,

sort_num,
is_enable,

owner_id,
create_id,

create_time )  VALUES  ( ?,
?,

?,
?,

?,
?,

?,
?,

? ) [42122-200]
Creating a new SqlSession
SqlSession [org.apache.ibatis.session.defaults.DefaultSqlSession@1eb85a47] was not registered for synchronization because synchronization is not active
JDBC Connection [com.alibaba.druid.proxy.jdbc.ConnectionProxyImpl@5a7b309b] will not be managed by Spring
==>  Preparing: SELECT COUNT( * ) AS total FROM tb_deptinfo WHERE is_delete=0
==> Parameters: 
<==    Columns: TOTAL
<==        Row: 0
<==      Total: 1
Closing non transactional SqlSession [org.apache.ibatis.session.defaults.DefaultSqlSession@1eb85a47]
Creating a new SqlSession
SqlSession [org.apache.ibatis.session.defaults.DefaultSqlSession@99a8de3] was not registered for synchronization because synchronization is not active
JDBC Connection [com.alibaba.druid.proxy.jdbc.ConnectionProxyImpl@5a7b309b] will not be managed by Spring
==>  Preparing: INSERT INTO tb_deptinfo ( id, parent_id, code, name, sort_num, is_enable, owner_id, create_id, create_time ) VALUES ( ?, ?, ?, ?, ?, ?, ?, ?, ? )
Closing non transactional SqlSession [org.apache.ibatis.session.defaults.DefaultSqlSession@99a8de3]
2026-04-20 08:55:02 [main] DEBUG c.z.config.DatabaseInitializer - 部门表初始化跳过: 
### Error updating database.  Cause: org.h2.jdbc.JdbcSQLSyntaxErrorException: Column "PARENT_ID" not found; SQL statement:
INSERT INTO tb_deptinfo  ( id,
parent_id,

code,
name,

sort_num,
is_enable,

owner_id,
create_id,

create_time )  VALUES  ( ?,
?,

?,
?,

?,
?,

?,
?,

? ) [42122-200]
### The error may exist in com/zoushiyou/mapper/DeptInfoMapper.java (best guess)
### The error may involve com.zoushiyou.mapper.DeptInfoMapper.insert
### The error occurred while executing an update
### SQL: INSERT INTO tb_deptinfo  ( id, parent_id,  code, name,  sort_num, is_enable,  owner_id, create_id,  create_time )  VALUES  ( ?, ?,  ?, ?,  ?, ?,  ?, ?,  ? )
### Cause: org.h2.jdbc.JdbcSQLSyntaxErrorException: Column "PARENT_ID" not found; SQL statement:
INSERT INTO tb_deptinfo  ( id,
parent_id,

code,
name,

sort_num,
is_enable,

owner_id,
create_id,

create_time )  VALUES  ( ?,
?,

?,
?,

?,
?,

?,
?,

? ) [42122-200]
; bad SQL grammar []; nested exception is org.h2.jdbc.JdbcSQLSyntaxErrorException: Column "PARENT_ID" not found; SQL statement:
INSERT INTO tb_deptinfo  ( id,
parent_id,

code,
name,

sort_num,
is_enable,

owner_id,
create_id,

create_time )  VALUES  ( ?,
?,

?,
?,

?,
?,

?,
?,

? ) [42122-200]
Creating a new SqlSession
SqlSession [org.apache.ibatis.session.defaults.DefaultSqlSession@87f501f] was not registered for synchronization because synchronization is not active
JDBC Connection [com.alibaba.druid.proxy.jdbc.ConnectionProxyImpl@5a7b309b] will not be managed by Spring
==>  Preparing: SELECT COUNT( * ) AS total FROM tb_userinfo WHERE is_delete=0
==> Parameters: 
<==    Columns: TOTAL
<==        Row: 0
<==      Total: 1
Closing non transactional SqlSession [org.apache.ibatis.session.defaults.DefaultSqlSession@87f501f]
Creating a new SqlSession
SqlSession [org.apache.ibatis.session.defaults.DefaultSqlSession@67c6f4d8] was not registered for synchronization because synchronization is not active
JDBC Connection [com.alibaba.druid.proxy.jdbc.ConnectionProxyImpl@5a7b309b] will not be managed by Spring
==>  Preparing: INSERT INTO tb_userinfo ( id, pass_word, salt, is_Male, phone_num, role_id, dept_id, parent_id, code, name, sort_num, is_enable, owner_id, create_id, create_time ) VALUES ( ?, ?, ?, ?, ?, ?, ?, ?, ?, ?, ?, ?, ?, ?, ? )
Closing non transactional SqlSession [org.apache.ibatis.session.defaults.DefaultSqlSession@67c6f4d8]
2026-04-20 08:55:02 [main] DEBUG c.z.config.DatabaseInitializer - 用户表初始化跳过: 
### Error updating database.  Cause: org.h2.jdbc.JdbcSQLSyntaxErrorException: Column "PASS_WORD" not found; SQL statement:
INSERT INTO tb_userinfo  ( id,
pass_word,
salt,
is_Male,
phone_num,
role_id,
dept_id,
parent_id,

code,
name,

sort_num,
is_enable,

owner_id,
create_id,

create_time )  VALUES  ( ?,
?,
?,
?,
?,
?,
?,
?,

?,
?,

?,
?,

?,
?,

? ) [42122-200]
### The error may exist in com/zoushiyou/mapper/UserInfoMapper.java (best guess)
### The error may involve com.zoushiyou.mapper.UserInfoMapper.insert
### The error occurred while executing an update
### SQL: INSERT INTO tb_userinfo  ( id, pass_word, salt, is_Male, phone_num, role_id, dept_id, parent_id,  code, name,  sort_num, is_enable,  owner_id, create_id,  create_time )  VALUES  ( ?, ?, ?, ?, ?, ?, ?, ?,  ?, ?,  ?, ?,  ?, ?,  ? )
### Cause: org.h2.jdbc.JdbcSQLSyntaxErrorException: Column "PASS_WORD" not found; SQL statement:
INSERT INTO tb_userinfo  ( id,
pass_word,
salt,
is_Male,
phone_num,
role_id,
dept_id,
parent_id,

code,
name,

sort_num,
is_enable,

owner_id,
create_id,

create_time )  VALUES  ( ?,
?,
?,
?,
?,
?,
?,
?,

?,
?,

?,
?,

?,
?,

? ) [42122-200]
; bad SQL grammar []; nested exception is org.h2.jdbc.JdbcSQLSyntaxErrorException: Column "PASS_WORD" not found; SQL statement:
INSERT INTO tb_userinfo  ( id,
pass_word,
salt,
is_Male,
phone_num,
role_id,
dept_id,
parent_id,

code,
name,

sort_num,
is_enable,

owner_id,
create_id,

create_time )  VALUES  ( ?,
?,
?,
?,
?,
?,
?,
?,

?,
?,

?,
?,

?,
?,

? ) [42122-200]
2026-04-20 08:55:02 [main] INFO  c.z.config.DatabaseInitializer - 数据库初始化完成！
2026-04-20 08:56:00 [scheduling-1] INFO  com.zoushiyou.job.BackJob - 定时任务执行中...
2026-04-20 08:57:00 [scheduling-1] INFO  com.zoushiyou.job.BackJob - 定时任务执行中...
2026-04-20 08:58:00 [scheduling-1] INFO  com.zoushiyou.job.BackJob - 定时任务执行中...
2026-04-20 08:59:00 [scheduling-1] INFO  com.zoushiyou.job.BackJob - 定时任务执行中...
2026-04-20 09:00:00 [scheduling-1] INFO  com.zoushiyou.job.BackJob - 定时任务执行中...
2026-04-20 09:01:00 [scheduling-1] INFO  com.zoushiyou.job.BackJob - 定时任务执行中...
2026-04-20 09:02:00 [scheduling-1] INFO  com.zoushiyou.job.BackJob - 定时任务执行中...
