[INFO] Scanning for projects...
[INFO] 
[INFO] --------------------< com.zoushiyou:zsy-springboot >--------------------
[INFO] Building zsy-springboot 1.0.0
[INFO] --------------------------------[ jar ]---------------------------------
[INFO] 
[INFO] >>> spring-boot-maven-plugin:2.7.18:run (default-cli) > test-compile @ zsy-springboot >>>
[WARNING] The artifact mysql:mysql-connector-java:jar:8.0.33 has been relocated to com.mysql:mysql-connector-j:jar:8.0.33
[INFO] 
[INFO] --- maven-resources-plugin:3.2.0:resources (default-resources) @ zsy-springboot ---
[INFO] Using 'UTF-8' encoding to copy filtered resources.
[INFO] Using 'UTF-8' encoding to copy filtered properties files.
[INFO] Copying 1 resource
[INFO] Copying 1 resource
[INFO] 
[INFO] --- maven-compiler-plugin:3.10.1:compile (default-compile) @ zsy-springboot ---
[INFO] Nothing to compile - all classes are up to date
[INFO] 
[INFO] --- maven-resources-plugin:3.2.0:testResources (default-testResources) @ zsy-springboot ---
[INFO] Using 'UTF-8' encoding to copy filtered resources.
[INFO] Using 'UTF-8' encoding to copy filtered properties files.
[INFO] skip non existing resourceDirectory D:\Aijava\javaproject\260410\dogfooding-3-458\glm\zsy-springboot\src\test\resources
[INFO] 
[INFO] --- maven-compiler-plugin:3.10.1:testCompile (default-testCompile) @ zsy-springboot ---
[INFO] No sources to compile
[INFO] 
[INFO] <<< spring-boot-maven-plugin:2.7.18:run (default-cli) < test-compile @ zsy-springboot <<<
[INFO] 
[INFO] 
[INFO] --- spring-boot-maven-plugin:2.7.18:run (default-cli) @ zsy-springboot ---
[INFO] Attaching agents: []

  .   ____          _            __ _ _
 /\\ / ___'_ __ _ _(_)_ __  __ _ \ \ \ \
( ( )\___ | '_ | '_| | '_ \/ _` | \ \ \ \
 \\/  ___)| |_)| | | | | || (_| |  ) ) ) )
  '  |____| .__|_| |_|_| |_\__, | / / / /
 =========|_|==============|___/=/_/_/_/
 :: Spring Boot ::               (v2.7.18)

2026-04-20 09:04:35 [main] INFO  com.zoushiyou.ZsyApplication - Starting ZsyApplication using Java 1.8.0_121 on MSI with PID 16532 (D:\Aijava\javaproject\260410\dogfooding-3-458\glm\zsy-springboot\target\classes started by 20807 in D:\Aijava\javaproject\260410\dogfooding-3-458\glm\zsy-springboot)
2026-04-20 09:04:35 [main] DEBUG com.zoushiyou.ZsyApplication - Running with Spring Boot v2.7.18, Spring v5.3.31
2026-04-20 09:04:35 [main] INFO  com.zoushiyou.ZsyApplication - No active profile set, falling back to 1 default profile: "default"
2026-04-20 09:04:37 [main] INFO  o.s.b.w.e.tomcat.TomcatWebServer - Tomcat initialized with port(s): 8765 (http)
2026-04-20 09:04:37 [main] INFO  o.a.catalina.core.StandardService - Starting service [Tomcat]
2026-04-20 09:04:37 [main] INFO  o.a.catalina.core.StandardEngine - Starting Servlet engine: [Apache Tomcat/9.0.83]
2026-04-20 09:04:37 [main] INFO  o.a.c.c.C.[Tomcat].[localhost].[/] - Initializing Spring embedded WebApplicationContext
2026-04-20 09:04:37 [main] INFO  o.s.b.w.s.c.ServletWebServerApplicationContext - Root WebApplicationContext: initialization completed in 1745 ms
2026-04-20 09:04:37 [main] INFO  c.a.d.s.b.a.DruidDataSourceAutoConfigure - Init DruidDataSource
2026-04-20 09:04:38 [main] INFO  c.alibaba.druid.pool.DruidDataSource - {dataSource-1} inited
2026-04-20 09:04:38 [main] INFO  o.s.b.a.h.H2ConsoleAutoConfiguration - H2 console available at '/h2-console'. Database available at 'jdbc:h2:mem:db_test'
Logging initialized using 'class org.apache.ibatis.logging.stdout.StdOutImpl' adapter.
Registered plugin: 'com.baomidou.mybatisplus.extension.plugins.MybatisPlusInterceptor@75e27856'
Property 'mapperLocations' was not specified.
 _ _   |_  _ _|_. ___ _ |    _ 
| | |\/|_)(_| | |_\  |_)||_|_\ 
     /               |         
                        3.5.3.1 


,------.                           ,--.  ,--.         ,--.                         
|  .--. '  ,--,--.  ,---.   ,---.  |  '--'  |  ,---.  |  |  ,---.   ,---.  ,--.--. 
|  '--' | ' ,-.  | | .-. | | .-. : |  .--.  | | .-. : |  | | .-. | | .-. : |  .--' 
|  | --'  \ '-'  | ' '-' ' \   --. |  |  |  | \   --. |  | | '-' ' \   --. |  |    
`--'       `--`--' .`-  /   `----' `--'  `--'  `----' `--' |  |-'   `----' `--'    
                   `---'                                   `--'                        is intercepting.

2026-04-20 09:04:39 [main] INFO  org.quartz.impl.StdSchedulerFactory - Using default implementation for ThreadExecutor
2026-04-20 09:04:39 [main] INFO  o.quartz.core.SchedulerSignalerImpl - Initialized Scheduler Signaller of type: class org.quartz.core.SchedulerSignalerImpl
2026-04-20 09:04:39 [main] INFO  org.quartz.core.QuartzScheduler - Quartz Scheduler v.2.3.2 created.
2026-04-20 09:04:39 [main] INFO  org.quartz.simpl.RAMJobStore - RAMJobStore initialized.
2026-04-20 09:04:39 [main] INFO  org.quartz.core.QuartzScheduler - Scheduler meta-data: Quartz Scheduler (v2.3.2) 'quartzScheduler' with instanceId 'NON_CLUSTERED'
  Scheduler class: 'org.quartz.core.QuartzScheduler' - running locally.
  NOT STARTED.
  Currently in standby mode.
  Number of jobs executed: 0
  Using thread pool 'org.quartz.simpl.SimpleThreadPool' - with 10 threads.
  Using job-store 'org.quartz.simpl.RAMJobStore' - which does not support persistence. and is not clustered.

2026-04-20 09:04:39 [main] INFO  org.quartz.impl.StdSchedulerFactory - Quartz scheduler 'quartzScheduler' initialized from an externally provided properties instance.
2026-04-20 09:04:39 [main] INFO  org.quartz.impl.StdSchedulerFactory - Quartz scheduler version: 2.3.2
2026-04-20 09:04:39 [main] INFO  org.quartz.core.QuartzScheduler - JobFactory set to: org.springframework.scheduling.quartz.SpringBeanJobFactory@35145874
2026-04-20 09:04:40 [main] INFO  o.s.b.w.e.tomcat.TomcatWebServer - Tomcat started on port(s): 8765 (http) with context path ''
2026-04-20 09:04:40 [main] INFO  o.s.s.quartz.SchedulerFactoryBean - Starting Quartz Scheduler now
2026-04-20 09:04:40 [main] INFO  org.quartz.core.QuartzScheduler - Scheduler quartzScheduler_$_NON_CLUSTERED started.
2026-04-20 09:04:40 [main] INFO  com.zoushiyou.ZsyApplication - Started ZsyApplication in 4.456 seconds (JVM running for 4.931)
2026-04-20 09:04:40 [main] INFO  c.z.config.DatabaseInitializer - 开始初始化数据库...
Creating a new SqlSession
SqlSession [org.apache.ibatis.session.defaults.DefaultSqlSession@7d30007d] was not registered for synchronization because synchronization is not active
JDBC Connection [com.alibaba.druid.proxy.jdbc.ConnectionProxyImpl@6750e381] will not be managed by Spring
==>  Preparing: SELECT COUNT( * ) AS total FROM tb_roleinfo WHERE is_delete=0
==> Parameters: 
<==    Columns: TOTAL
<==        Row: 0
<==      Total: 1
Closing non transactional SqlSession [org.apache.ibatis.session.defaults.DefaultSqlSession@7d30007d]
Creating a new SqlSession
SqlSession [org.apache.ibatis.session.defaults.DefaultSqlSession@703e8050] was not registered for synchronization because synchronization is not active
JDBC Connection [com.alibaba.druid.proxy.jdbc.ConnectionProxyImpl@6750e381] will not be managed by Spring
==>  Preparing: INSERT INTO tb_roleinfo ( id, parent_id, code, name, sort_num, is_enable, owner_id, create_id, create_time ) VALUES ( ?, ?, ?, ?, ?, ?, ?, ?, ? )
==> Parameters: 1(Long), 0(Long), 1(String), 超级管理员(String), 1(Integer), 1(Integer), 0(Long), 0(Long), 2026-04-20 09:04:40.122(Timestamp)
<==    Updates: 1
Closing non transactional SqlSession [org.apache.ibatis.session.defaults.DefaultSqlSession@703e8050]
Creating a new SqlSession
SqlSession [org.apache.ibatis.session.defaults.DefaultSqlSession@4d4c1ba9] was not registered for synchronization because synchronization is not active
JDBC Connection [com.alibaba.druid.proxy.jdbc.ConnectionProxyImpl@6750e381] will not be managed by Spring
==>  Preparing: INSERT INTO tb_roleinfo ( id, parent_id, code, name, sort_num, is_enable, owner_id, create_id, create_time ) VALUES ( ?, ?, ?, ?, ?, ?, ?, ?, ? )
==> Parameters: 2(Long), 0(Long), 2(String), 管理员(String), 2(Integer), 1(Integer), 0(Long), 0(Long), 2026-04-20 09:04:40.139(Timestamp)
<==    Updates: 1
Closing non transactional SqlSession [org.apache.ibatis.session.defaults.DefaultSqlSession@4d4c1ba9]
Creating a new SqlSession
SqlSession [org.apache.ibatis.session.defaults.DefaultSqlSession@2017f6e6] was not registered for synchronization because synchronization is not active
JDBC Connection [com.alibaba.druid.proxy.jdbc.ConnectionProxyImpl@6750e381] will not be managed by Spring
==>  Preparing: SELECT COUNT( * ) AS total FROM tb_deptinfo WHERE is_delete=0
==> Parameters: 
<==    Columns: TOTAL
<==        Row: 0
<==      Total: 1
Closing non transactional SqlSession [org.apache.ibatis.session.defaults.DefaultSqlSession@2017f6e6]
Creating a new SqlSession
SqlSession [org.apache.ibatis.session.defaults.DefaultSqlSession@79ca7bea] was not registered for synchronization because synchronization is not active
JDBC Connection [com.alibaba.druid.proxy.jdbc.ConnectionProxyImpl@6750e381] will not be managed by Spring
==>  Preparing: INSERT INTO tb_deptinfo ( id, parent_id, code, name, sort_num, is_enable, owner_id, create_id, create_time ) VALUES ( ?, ?, ?, ?, ?, ?, ?, ?, ? )
==> Parameters: 1(Long), 0(Long), 1(String), 开发部(String), 1(Integer), 1(Integer), 0(Long), 0(Long), 2026-04-20 09:04:40.143(Timestamp)
<==    Updates: 1
Closing non transactional SqlSession [org.apache.ibatis.session.defaults.DefaultSqlSession@79ca7bea]
Creating a new SqlSession
SqlSession [org.apache.ibatis.session.defaults.DefaultSqlSession@54f6b629] was not registered for synchronization because synchronization is not active
JDBC Connection [com.alibaba.druid.proxy.jdbc.ConnectionProxyImpl@6750e381] will not be managed by Spring
==>  Preparing: SELECT COUNT( * ) AS total FROM tb_userinfo WHERE is_delete=0
==> Parameters: 
<==    Columns: TOTAL
<==        Row: 0
<==      Total: 1
Closing non transactional SqlSession [org.apache.ibatis.session.defaults.DefaultSqlSession@54f6b629]
Creating a new SqlSession
SqlSession [org.apache.ibatis.session.defaults.DefaultSqlSession@3e43f049] was not registered for synchronization because synchronization is not active
JDBC Connection [com.alibaba.druid.proxy.jdbc.ConnectionProxyImpl@6750e381] will not be managed by Spring
==>  Preparing: INSERT INTO tb_userinfo ( id, pass_word, salt, is_Male, phone_num, role_id, dept_id, parent_id, code, name, sort_num, is_enable, owner_id, create_id, create_time ) VALUES ( ?, ?, ?, ?, ?, ?, ?, ?, ?, ?, ?, ?, ?, ?, ? )
==> Parameters: 1(Long), 0e2b660966cd66a69abc4e0fb99d62c0(String), 13df6de7-175b-4351-8a7f-6223eda6352a(String), 1(Integer), 15812345678(String), 1(Long), 1(Long), 0(Long), admin(String), 超级用户(String), 1(Integer), 1(Integer), 0(Long), 0(Long), 2026-04-20 09:04:40.152(Timestamp)
<==    Updates: 1
Closing non transactional SqlSession [org.apache.ibatis.session.defaults.DefaultSqlSession@3e43f049]
2026-04-20 09:04:40 [main] INFO  c.z.config.DatabaseInitializer - 数据库初始化完成！
2026-04-20 09:05:00 [scheduling-1] INFO  com.zoushiyou.job.BackJob - 定时任务执行中...
2026-04-20 09:05:08 [http-nio-8765-exec-1] INFO  o.a.c.c.C.[Tomcat].[localhost].[/] - Initializing Spring DispatcherServlet 'dispatcherServlet'
2026-04-20 09:05:08 [http-nio-8765-exec-1] INFO  o.s.web.servlet.DispatcherServlet - Initializing Servlet 'dispatcherServlet'
2026-04-20 09:05:08 [http-nio-8765-exec-1] INFO  o.s.web.servlet.DispatcherServlet - Completed initialization in 2 ms
Creating a new SqlSession
SqlSession [org.apache.ibatis.session.defaults.DefaultSqlSession@20103088] was not registered for synchronization because synchronization is not active
JDBC Connection [com.alibaba.druid.proxy.jdbc.ConnectionProxyImpl@6750e381] will not be managed by Spring
==>  Preparing: SELECT * FROM tb_userinfo WHERE code = ?
==> Parameters: admin(String)
<==    Columns: ID, PARENT_ID, VERSION, CODE, NAME, REMARKS, SORT_NUM, IS_ENABLE, IS_DELETE, OWNER_ID, CREATE_ID, UPDATE_ID, CREATE_TIME, UPDATE_TIME, PASS_WORD, SALT, IS_MALE, PHONE_NUM, ROLE_ID, DEPT_ID
<==        Row: 1, 0, 1, admin, 超级用户, null, 1, 1, 0, 0, 0, null, 2026-04-20 09:04:40.152, null, 0e2b660966cd66a69abc4e0fb99d62c0, 13df6de7-175b-4351-8a7f-6223eda6352a, 1, 15812345678, 1, 1
<==      Total: 1
Closing non transactional SqlSession [org.apache.ibatis.session.defaults.DefaultSqlSession@20103088]
Creating a new SqlSession
SqlSession [org.apache.ibatis.session.defaults.DefaultSqlSession@3e7172f2] was not registered for synchronization because synchronization is not active
JDBC Connection [com.alibaba.druid.proxy.jdbc.ConnectionProxyImpl@6750e381] will not be managed by Spring
==>  Preparing: SELECT id,parent_id,version,code,name,remarks,sort_num,is_enable,is_delete,owner_id,create_id,update_id,create_time,update_time FROM tb_roleinfo WHERE id=? AND is_delete=0
==> Parameters: 1(Long)
<==    Columns: ID, PARENT_ID, VERSION, CODE, NAME, REMARKS, SORT_NUM, IS_ENABLE, IS_DELETE, OWNER_ID, CREATE_ID, UPDATE_ID, CREATE_TIME, UPDATE_TIME
<==        Row: 1, 0, 1, 1, 超级管理员, null, 1, 1, 0, 0, 0, null, 2026-04-20 09:04:40.122, null
<==      Total: 1
Closing non transactional SqlSession [org.apache.ibatis.session.defaults.DefaultSqlSession@3e7172f2]
Creating a new SqlSession
SqlSession [org.apache.ibatis.session.defaults.DefaultSqlSession@26c718c7] was not registered for synchronization because synchronization is not active
JDBC Connection [com.alibaba.druid.proxy.jdbc.ConnectionProxyImpl@6750e381] will not be managed by Spring
==>  Preparing: SELECT id,parent_id,version,code,name,remarks,sort_num,is_enable,is_delete,owner_id,create_id,update_id,create_time,update_time FROM tb_deptinfo WHERE id=? AND is_delete=0
==> Parameters: 1(Long)
<==    Columns: ID, PARENT_ID, VERSION, CODE, NAME, REMARKS, SORT_NUM, IS_ENABLE, IS_DELETE, OWNER_ID, CREATE_ID, UPDATE_ID, CREATE_TIME, UPDATE_TIME
<==        Row: 1, 0, 1, 1, 开发部, null, 1, 1, 0, 0, 0, null, 2026-04-20 09:04:40.143, null
<==      Total: 1
Closing non transactional SqlSession [org.apache.ibatis.session.defaults.DefaultSqlSession@26c718c7]
Creating a new SqlSession
SqlSession [org.apache.ibatis.session.defaults.DefaultSqlSession@22b3af70] was not registered for synchronization because synchronization is not active
JDBC Connection [com.alibaba.druid.proxy.jdbc.ConnectionProxyImpl@6750e381] will not be managed by Spring
==>  Preparing: SELECT f.* FROM tb_funcinfo f INNER JOIN tb_rolejoinfunc rj ON f.id = rj.funcId WHERE rj.roleId = ? AND f.is_Delete = 0 ORDER BY f.sortNum
Closing non transactional SqlSession [org.apache.ibatis.session.defaults.DefaultSqlSession@22b3af70]
2026-04-20 09:05:09 [http-nio-8765-exec-1] ERROR c.z.config.GlobalExceptionHandler - System error at /api/v1/users/login: 
org.springframework.jdbc.BadSqlGrammarException: 
### Error querying database.  Cause: org.h2.jdbc.JdbcSQLSyntaxErrorException: Column "F.SORTNUM" not found; SQL statement:
SELECT f.* FROM tb_funcinfo f INNER JOIN tb_rolejoinfunc rj ON f.id = rj.funcId WHERE rj.roleId = ? AND f.is_Delete = 0 ORDER BY f.sortNum [42122-200]
### The error may exist in com/zoushiyou/mapper/FuncInfoMapper.java (best guess)
### The error may involve com.zoushiyou.mapper.FuncInfoMapper.findByRoleId
### The error occurred while executing a query
### SQL: SELECT f.* FROM tb_funcinfo f INNER JOIN tb_rolejoinfunc rj ON f.id = rj.funcId WHERE rj.roleId = ? AND f.is_Delete = 0 ORDER BY f.sortNum
### Cause: org.h2.jdbc.JdbcSQLSyntaxErrorException: Column "F.SORTNUM" not found; SQL statement:
SELECT f.* FROM tb_funcinfo f INNER JOIN tb_rolejoinfunc rj ON f.id = rj.funcId WHERE rj.roleId = ? AND f.is_Delete = 0 ORDER BY f.sortNum [42122-200]
; bad SQL grammar []; nested exception is org.h2.jdbc.JdbcSQLSyntaxErrorException: Column "F.SORTNUM" not found; SQL statement:
SELECT f.* FROM tb_funcinfo f INNER JOIN tb_rolejoinfunc rj ON f.id = rj.funcId WHERE rj.roleId = ? AND f.is_Delete = 0 ORDER BY f.sortNum [42122-200]
	at org.springframework.jdbc.support.SQLErrorCodeSQLExceptionTranslator.doTranslate(SQLErrorCodeSQLExceptionTranslator.java:236)
	at org.springframework.jdbc.support.AbstractFallbackSQLExceptionTranslator.translate(AbstractFallbackSQLExceptionTranslator.java:73)
	at org.mybatis.spring.MyBatisExceptionTranslator.translateExceptionIfPossible(MyBatisExceptionTranslator.java:91)
	at org.mybatis.spring.SqlSessionTemplate$SqlSessionInterceptor.invoke(SqlSessionTemplate.java:441)
	at com.sun.proxy.$Proxy79.selectList(Unknown Source)
	at org.mybatis.spring.SqlSessionTemplate.selectList(SqlSessionTemplate.java:224)
	at com.baomidou.mybatisplus.core.override.MybatisMapperMethod.executeForMany(MybatisMapperMethod.java:166)
	at com.baomidou.mybatisplus.core.override.MybatisMapperMethod.execute(MybatisMapperMethod.java:77)
	at com.baomidou.mybatisplus.core.override.MybatisMapperProxy$PlainMethodInvoker.invoke(MybatisMapperProxy.java:148)
	at com.baomidou.mybatisplus.core.override.MybatisMapperProxy.invoke(MybatisMapperProxy.java:89)
	at com.sun.proxy.$Proxy90.findByRoleId(Unknown Source)
	at com.zoushiyou.service.impl.FuncInfoServiceImpl.findByRoleId(FuncInfoServiceImpl.java:16)
	at com.zoushiyou.service.impl.FuncInfoServiceImpl$$FastClassBySpringCGLIB$$22841efe.invoke(<generated>)
	at org.springframework.cglib.proxy.MethodProxy.invoke(MethodProxy.java:218)
	at org.springframework.aop.framework.CglibAopProxy.invokeMethod(CglibAopProxy.java:386)
	at org.springframework.aop.framework.CglibAopProxy.access$000(CglibAopProxy.java:85)
	at org.springframework.aop.framework.CglibAopProxy$DynamicAdvisedInterceptor.intercept(CglibAopProxy.java:703)
	at com.zoushiyou.service.impl.FuncInfoServiceImpl$$EnhancerBySpringCGLIB$$1fbd0c29.findByRoleId(<generated>)
	at com.zoushiyou.service.impl.UserInfoServiceImpl.buildLoginData(UserInfoServiceImpl.java:52)
	at com.zoushiyou.service.impl.UserInfoServiceImpl$$FastClassBySpringCGLIB$$7ef4717.invoke(<generated>)
	at org.springframework.cglib.proxy.MethodProxy.invoke(MethodProxy.java:218)
	at org.springframework.aop.framework.CglibAopProxy.invokeMethod(CglibAopProxy.java:386)
	at org.springframework.aop.framework.CglibAopProxy.access$000(CglibAopProxy.java:85)
	at org.springframework.aop.framework.CglibAopProxy$DynamicAdvisedInterceptor.intercept(CglibAopProxy.java:703)
	at com.zoushiyou.service.impl.UserInfoServiceImpl$$EnhancerBySpringCGLIB$$4267dc14.buildLoginData(<generated>)
	at com.zoushiyou.controller.UserInfoController.login(UserInfoController.java:52)
	at sun.reflect.NativeMethodAccessorImpl.invoke0(Native Method)
	at sun.reflect.NativeMethodAccessorImpl.invoke(NativeMethodAccessorImpl.java:62)
	at sun.reflect.DelegatingMethodAccessorImpl.invoke(DelegatingMethodAccessorImpl.java:43)
	at java.lang.reflect.Method.invoke(Method.java:498)
	at org.springframework.web.method.support.InvocableHandlerMethod.doInvoke(InvocableHandlerMethod.java:205)
	at org.springframework.web.method.support.InvocableHandlerMethod.invokeForRequest(InvocableHandlerMethod.java:150)
	at org.springframework.web.servlet.mvc.method.annotation.ServletInvocableHandlerMethod.invokeAndHandle(ServletInvocableHandlerMethod.java:117)
	at org.springframework.web.servlet.mvc.method.annotation.RequestMappingHandlerAdapter.invokeHandlerMethod(RequestMappingHandlerAdapter.java:895)
	at org.springframework.web.servlet.mvc.method.annotation.RequestMappingHandlerAdapter.handleInternal(RequestMappingHandlerAdapter.java:808)
	at org.springframework.web.servlet.mvc.method.AbstractHandlerMethodAdapter.handle(AbstractHandlerMethodAdapter.java:87)
	at org.springframework.web.servlet.DispatcherServlet.doDispatch(DispatcherServlet.java:1072)
	at org.springframework.web.servlet.DispatcherServlet.doService(DispatcherServlet.java:965)
	at org.springframework.web.servlet.FrameworkServlet.processRequest(FrameworkServlet.java:1006)
	at org.springframework.web.servlet.FrameworkServlet.doPost(FrameworkServlet.java:909)
	at javax.servlet.http.HttpServlet.service(HttpServlet.java:555)
	at org.springframework.web.servlet.FrameworkServlet.service(FrameworkServlet.java:883)
	at javax.servlet.http.HttpServlet.service(HttpServlet.java:623)
	at org.apache.catalina.core.ApplicationFilterChain.internalDoFilter(ApplicationFilterChain.java:209)
	at org.apache.catalina.core.ApplicationFilterChain.doFilter(ApplicationFilterChain.java:153)
	at org.apache.tomcat.websocket.server.WsFilter.doFilter(WsFilter.java:51)
	at org.apache.catalina.core.ApplicationFilterChain.internalDoFilter(ApplicationFilterChain.java:178)
	at org.apache.catalina.core.ApplicationFilterChain.doFilter(ApplicationFilterChain.java:153)
	at com.alibaba.druid.support.http.WebStatFilter.doFilter(WebStatFilter.java:114)
	at org.apache.catalina.core.ApplicationFilterChain.internalDoFilter(ApplicationFilterChain.java:178)
	at org.apache.catalina.core.ApplicationFilterChain.doFilter(ApplicationFilterChain.java:153)
	at org.springframework.web.filter.RequestContextFilter.doFilterInternal(RequestContextFilter.java:100)
	at org.springframework.web.filter.OncePerRequestFilter.doFilter(OncePerRequestFilter.java:117)
	at org.apache.catalina.core.ApplicationFilterChain.internalDoFilter(ApplicationFilterChain.java:178)
	at org.apache.catalina.core.ApplicationFilterChain.doFilter(ApplicationFilterChain.java:153)
	at org.springframework.web.filter.FormContentFilter.doFilterInternal(FormContentFilter.java:93)
	at org.springframework.web.filter.OncePerRequestFilter.doFilter(OncePerRequestFilter.java:117)
	at org.apache.catalina.core.ApplicationFilterChain.internalDoFilter(ApplicationFilterChain.java:178)
	at org.apache.catalina.core.ApplicationFilterChain.doFilter(ApplicationFilterChain.java:153)
	at org.springframework.web.filter.CharacterEncodingFilter.doFilterInternal(CharacterEncodingFilter.java:201)
	at org.springframework.web.filter.OncePerRequestFilter.doFilter(OncePerRequestFilter.java:117)
	at org.apache.catalina.core.ApplicationFilterChain.internalDoFilter(ApplicationFilterChain.java:178)
	at org.apache.catalina.core.ApplicationFilterChain.doFilter(ApplicationFilterChain.java:153)
	at org.apache.catalina.core.StandardWrapperValve.invoke(StandardWrapperValve.java:168)
	at org.apache.catalina.core.StandardContextValve.invoke(StandardContextValve.java:90)
	at org.apache.catalina.authenticator.AuthenticatorBase.invoke(AuthenticatorBase.java:481)
	at org.apache.catalina.core.StandardHostValve.invoke(StandardHostValve.java:130)
	at org.apache.catalina.valves.ErrorReportValve.invoke(ErrorReportValve.java:93)
	at org.apache.catalina.core.StandardEngineValve.invoke(StandardEngineValve.java:74)
	at org.apache.catalina.connector.CoyoteAdapter.service(CoyoteAdapter.java:342)
	at org.apache.coyote.http11.Http11Processor.service(Http11Processor.java:390)
	at org.apache.coyote.AbstractProcessorLight.process(AbstractProcessorLight.java:63)
	at org.apache.coyote.AbstractProtocol$ConnectionHandler.process(AbstractProtocol.java:928)
	at org.apache.tomcat.util.net.NioEndpoint$SocketProcessor.doRun(NioEndpoint.java:1794)
	at org.apache.tomcat.util.net.SocketProcessorBase.run(SocketProcessorBase.java:52)
	at org.apache.tomcat.util.threads.ThreadPoolExecutor.runWorker(ThreadPoolExecutor.java:1191)
	at org.apache.tomcat.util.threads.ThreadPoolExecutor$Worker.run(ThreadPoolExecutor.java:659)
	at org.apache.tomcat.util.threads.TaskThread$WrappingRunnable.run(TaskThread.java:61)
	at java.lang.Thread.run(Thread.java:745)
Caused by: org.h2.jdbc.JdbcSQLSyntaxErrorException: Column "F.SORTNUM" not found; SQL statement:
SELECT f.* FROM tb_funcinfo f INNER JOIN tb_rolejoinfunc rj ON f.id = rj.funcId WHERE rj.roleId = ? AND f.is_Delete = 0 ORDER BY f.sortNum [42122-200]
	at org.h2.message.DbException.getJdbcSQLException(DbException.java:453)
	at org.h2.message.DbException.getJdbcSQLException(DbException.java:429)
	at org.h2.message.DbException.get(DbException.java:205)
	at org.h2.message.DbException.get(DbException.java:181)
	at org.h2.expression.ExpressionColumn.getColumnException(ExpressionColumn.java:163)
	at org.h2.expression.ExpressionColumn.optimize(ExpressionColumn.java:145)
	at org.h2.command.dml.Select.prepare(Select.java:1206)
	at org.h2.command.Parser.prepareCommand(Parser.java:744)
	at org.h2.engine.Session.prepareLocal(Session.java:657)
	at org.h2.engine.Session.prepareCommand(Session.java:595)
	at org.h2.jdbc.JdbcConnection.prepareCommand(JdbcConnection.java:1235)
	at org.h2.jdbc.JdbcPreparedStatement.<init>(JdbcPreparedStatement.java:76)
	at org.h2.jdbc.JdbcConnection.prepareStatement(JdbcConnection.java:352)
	at com.alibaba.druid.filter.FilterChainImpl.connection_prepareStatement(FilterChainImpl.java:535)
	at com.alibaba.druid.filter.FilterAdapter.connection_prepareStatement(FilterAdapter.java:908)
	at com.alibaba.druid.filter.FilterEventAdapter.connection_prepareStatement(FilterEventAdapter.java:116)
	at com.alibaba.druid.filter.FilterChainImpl.connection_prepareStatement(FilterChainImpl.java:531)
	at com.alibaba.druid.wall.WallFilter.connection_prepareStatement(WallFilter.java:273)
	at com.alibaba.druid.filter.FilterChainImpl.connection_prepareStatement(FilterChainImpl.java:531)
	at com.alibaba.druid.filter.FilterAdapter.connection_prepareStatement(FilterAdapter.java:908)
	at com.alibaba.druid.filter.FilterEventAdapter.connection_prepareStatement(FilterEventAdapter.java:116)
	at com.alibaba.druid.filter.FilterChainImpl.connection_prepareStatement(FilterChainImpl.java:531)
	at com.alibaba.druid.proxy.jdbc.ConnectionProxyImpl.prepareStatement(ConnectionProxyImpl.java:326)
	at com.alibaba.druid.pool.DruidPooledConnection.prepareStatement(DruidPooledConnection.java:362)
	at sun.reflect.NativeMethodAccessorImpl.invoke0(Native Method)
	at sun.reflect.NativeMethodAccessorImpl.invoke(NativeMethodAccessorImpl.java:62)
	at sun.reflect.DelegatingMethodAccessorImpl.invoke(DelegatingMethodAccessorImpl.java:43)
	at java.lang.reflect.Method.invoke(Method.java:498)
	at org.apache.ibatis.logging.jdbc.ConnectionLogger.invoke(ConnectionLogger.java:55)
	at com.sun.proxy.$Proxy119.prepareStatement(Unknown Source)
	at org.apache.ibatis.executor.statement.PreparedStatementHandler.instantiateStatement(PreparedStatementHandler.java:86)
	at org.apache.ibatis.executor.statement.BaseStatementHandler.prepare(BaseStatementHandler.java:88)
	at org.apache.ibatis.executor.statement.RoutingStatementHandler.prepare(RoutingStatementHandler.java:59)
	at sun.reflect.NativeMethodAccessorImpl.invoke0(Native Method)
	at sun.reflect.NativeMethodAccessorImpl.invoke(NativeMethodAccessorImpl.java:62)
	at sun.reflect.DelegatingMethodAccessorImpl.invoke(DelegatingMethodAccessorImpl.java:43)
	at java.lang.reflect.Method.invoke(Method.java:498)
	at org.apache.ibatis.plugin.Invocation.proceed(Invocation.java:49)
	at com.baomidou.mybatisplus.extension.plugins.MybatisPlusInterceptor.intercept(MybatisPlusInterceptor.java:106)
	at org.apache.ibatis.plugin.Plugin.invoke(Plugin.java:62)
	at com.sun.proxy.$Proxy118.prepare(Unknown Source)
	at org.apache.ibatis.executor.SimpleExecutor.prepareStatement(SimpleExecutor.java:87)
	at org.apache.ibatis.executor.SimpleExecutor.doQuery(SimpleExecutor.java:62)
	at org.apache.ibatis.executor.BaseExecutor.queryFromDatabase(BaseExecutor.java:325)
	at org.apache.ibatis.executor.BaseExecutor.query(BaseExecutor.java:156)
	at org.apache.ibatis.executor.CachingExecutor.query(CachingExecutor.java:109)
	at com.baomidou.mybatisplus.extension.plugins.MybatisPlusInterceptor.intercept(MybatisPlusInterceptor.java:81)
	at org.apache.ibatis.plugin.Plugin.invoke(Plugin.java:62)
	at com.sun.proxy.$Proxy117.query(Unknown Source)
	at com.github.pagehelper.PageInterceptor.intercept(PageInterceptor.java:151)
	at org.apache.ibatis.plugin.Plugin.invoke(Plugin.java:62)
	at com.sun.proxy.$Proxy117.query(Unknown Source)
	at org.apache.ibatis.session.defaults.DefaultSqlSession.selectList(DefaultSqlSession.java:151)
	at org.apache.ibatis.session.defaults.DefaultSqlSession.selectList(DefaultSqlSession.java:145)
	at org.apache.ibatis.session.defaults.DefaultSqlSession.selectList(DefaultSqlSession.java:140)
	at sun.reflect.NativeMethodAccessorImpl.invoke0(Native Method)
	at sun.reflect.NativeMethodAccessorImpl.invoke(NativeMethodAccessorImpl.java:62)
	at sun.reflect.DelegatingMethodAccessorImpl.invoke(DelegatingMethodAccessorImpl.java:43)
	at java.lang.reflect.Method.invoke(Method.java:498)
	at org.mybatis.spring.SqlSessionTemplate$SqlSessionInterceptor.invoke(SqlSessionTemplate.java:427)
	... 75 common frames omitted
2026-04-20 09:06:00 [scheduling-1] INFO  com.zoushiyou.job.BackJob - 定时任务执行中...
2026-04-20 09:07:00 [scheduling-1] INFO  com.zoushiyou.job.BackJob - 定时任务执行中...
2026-04-20 09:08:00 [scheduling-1] INFO  com.zoushiyou.job.BackJob - 定时任务执行中...
2026-04-20 09:09:00 [scheduling-1] INFO  com.zoushiyou.job.BackJob - 定时任务执行中...
[INFO] ------------------------------------------------------------------------
[INFO] BUILD FAILURE
[INFO] ------------------------------------------------------------------------
[INFO] Total time:  05:22 min
[INFO] Finished at: 2026-04-20T09:09:55+08:00
[INFO] ------------------------------------------------------------------------
[ERROR] Failed to execute goal org.springframework.boot:spring-boot-maven-plugin:2.7.18:run (default-cli) on project zsy-springboot: Application finished with exit code: 1 -> [Help 1]
[ERROR] 
[ERROR] To see the full stack trace of the errors, re-run Maven with the -e switch.
[ERROR] Re-run Maven using the -X switch to enable full debug logging.
[ERROR] 
[ERROR] For more information about the errors and possible solutions, please read the following articles:
[ERROR] [Help 1] http://cwiki.apache.org/confluence/display/MAVEN/MojoExecutionException
